I'm sorry, but errors were detected in your script. Please correct the
errors listed below, and try again.


File "game/carChooseMod.rpy", line 274: expected statement.
    weight[curCar][0] = weight[curCar][0] + O 
                      ^

Ren'Py Version: Ren'Py 7.4.4.1439
Mon Jun  7 17:51:36 2021
